#-----------------------------------------------------------
# Webtalk v2019.1.2 (64-bit)
# SW Build 2615518 on Fri Aug  9 15:55:25 MDT 2019
# IP Build 2614745 on Fri Aug  9 20:55:02 MDT 2019
# Start of session at: Tue Dec 29 01:06:18 2020
# Process ID: 14452
# Current directory: d:/work/radar_course/lesson_10/vivado/axi_dma_0_ex/axi_dma_0_ex.sim/sim_1/behav/xsim
# Command line: wbtcv.exe -mode batch -source d:/work/radar_course/lesson_10/vivado/axi_dma_0_ex/axi_dma_0_ex.sim/sim_1/behav/xsim/xsim.dir/axi_dma_0_exdes_tb_behav/webtalk/xsim_webtalk.tcl -notrace
# Log file: d:/work/radar_course/lesson_10/vivado/axi_dma_0_ex/axi_dma_0_ex.sim/sim_1/behav/xsim/webtalk.log
# Journal file: d:/work/radar_course/lesson_10/vivado/axi_dma_0_ex/axi_dma_0_ex.sim/sim_1/behav/xsim\webtalk.jou
#-----------------------------------------------------------
source d:/work/radar_course/lesson_10/vivado/axi_dma_0_ex/axi_dma_0_ex.sim/sim_1/behav/xsim/xsim.dir/axi_dma_0_exdes_tb_behav/webtalk/xsim_webtalk.tcl -notrace
